// Jest Snapshot v1, https://goo.gl/fbAQLP

exports[`fetchAnimeById fetch anime and return anime 1`] = `
Array [
  Object {
    "meta": Object {
      "arg": "123",
      "requestId": "xcAGPjxpmJ9Wjtn3QGgOR",
      "requestStatus": "pending",
    },
    "payload": undefined,
    "type": "anime/fetchAnimeById/pending",
  },
  Object {
    "meta": Object {
      "arg": "123",
      "requestId": "xcAGPjxpmJ9Wjtn3QGgOR",
      "requestStatus": "fulfilled",
    },
    "payload": Object {
      "description": "anime test",
      "id": "123",
      "title": "Test Anime",
    },
    "type": "anime/fetchAnimeById/fulfilled",
  },
]
`;

exports[`fetchAnimeById should handle error if anime fetch by ID fails 1`] = `
Array [
  Object {
    "meta": Object {
      "arg": "123",
      "requestId": "jNycGExXs5xRDyna4cyr8",
      "requestStatus": "pending",
    },
    "payload": undefined,
    "type": "anime/fetchAnimeById/pending",
  },
  Object {
    "error": Object {
      "message": "Anime fetch failed",
      "name": "Error",
      "stack": "Error: Anime fetch failed
    at Object.<anonymous> (C:\\\\Users\\\\kagis\\\\reanimate\\\\src\\\\__tests__\\\\AnimeSlice.test.js:48:48)
    at Promise.then.completed (C:\\\\Users\\\\kagis\\\\reanimate\\\\node_modules\\\\jest-circus\\\\build\\\\utils.js:391:28)
    at new Promise (<anonymous>)
    at callAsyncCircusFn (C:\\\\Users\\\\kagis\\\\reanimate\\\\node_modules\\\\jest-circus\\\\build\\\\utils.js:316:10)
    at _callCircusTest (C:\\\\Users\\\\kagis\\\\reanimate\\\\node_modules\\\\jest-circus\\\\build\\\\run.js:218:40)
    at processTicksAndRejections (node:internal/process/task_queues:96:5)
    at _runTest (C:\\\\Users\\\\kagis\\\\reanimate\\\\node_modules\\\\jest-circus\\\\build\\\\run.js:155:3)
    at _runTestsForDescribeBlock (C:\\\\Users\\\\kagis\\\\reanimate\\\\node_modules\\\\jest-circus\\\\build\\\\run.js:66:9)
    at _runTestsForDescribeBlock (C:\\\\Users\\\\kagis\\\\reanimate\\\\node_modules\\\\jest-circus\\\\build\\\\run.js:60:9)
    at run (C:\\\\Users\\\\kagis\\\\reanimate\\\\node_modules\\\\jest-circus\\\\build\\\\run.js:25:3)
    at runAndTransformResultsToJestFormat (C:\\\\Users\\\\kagis\\\\reanimate\\\\node_modules\\\\jest-circus\\\\build\\\\legacy-code-todo-rewrite\\\\jestAdapterInit.js:170:21)
    at jestAdapter (C:\\\\Users\\\\kagis\\\\reanimate\\\\node_modules\\\\jest-circus\\\\build\\\\legacy-code-todo-rewrite\\\\jestAdapter.js:82:19)
    at runTestInternal (C:\\\\Users\\\\kagis\\\\reanimate\\\\node_modules\\\\jest-runner\\\\build\\\\runTest.js:389:16)
    at runTest (C:\\\\Users\\\\kagis\\\\reanimate\\\\node_modules\\\\jest-runner\\\\build\\\\runTest.js:475:34)
    at Object.worker (C:\\\\Users\\\\kagis\\\\reanimate\\\\node_modules\\\\jest-runner\\\\build\\\\testWorker.js:133:12)",
    },
    "meta": Object {
      "aborted": false,
      "arg": "123",
      "condition": false,
      "rejectedWithValue": false,
      "requestId": "jNycGExXs5xRDyna4cyr8",
      "requestStatus": "rejected",
    },
    "payload": undefined,
    "type": "anime/fetchAnimeById/rejected",
  },
]
`;
